hello world
creating the new josii
What is happening inthe tailer nd the httpis not working properly
is it working